package dtos

import (
	"fmt"
	"io"

	"github.com/opentable/swaggering"
)

type SingularityDeploy struct {
	RequestId *string            `json:"requestId,omitempty"`
	Id        *string            `json:"id,omitempty"`
	Env       *map[string]string `json:"env,omitempty"`
}

func (self *SingularityDeploy) Populate(jsonReader io.ReadCloser) (err error) {
	return swaggering.ReadPopulate(jsonReader, self)
}

func (self *SingularityDeploy) Absorb(other swaggering.DTO) error {
	if like, ok := other.(*SingularityDeploy); ok {
		*self = *like
		return nil
	}
	return fmt.Errorf("A SingularityDeploy cannot copy the values from %#v", other)
}

func (self *SingularityDeploy) FormatText() string {
	return swaggering.FormatText(self)
}

func (self *SingularityDeploy) FormatJSON() string {
	return swaggering.FormatJSON(self)
}

func (self *SingularityDeploy) SetField(name string, value interface{}) error {
	switch name {
	default:
		return fmt.Errorf("No such field %s on SingularityDeploy", name)

	case "requestId", "RequestId":
		v, ok := value.(string)
		if ok {
			self.RequestId = &v
			return nil
		}
		return fmt.Errorf("Field requestId/RequestId: value %v(%T) couldn't be cast to type string", value, value)

	case "id", "Id":
		v, ok := value.(string)
		if ok {
			self.Id = &v
			return nil
		}
		return fmt.Errorf("Field id/Id: value %v(%T) couldn't be cast to type string", value, value)

	case "env", "Env":
		v, ok := value.(map[string]string)
		if ok {
			self.Env = &v
			return nil
		}
		return fmt.Errorf("Field env/Env: value %v(%T) couldn't be cast to type map[string]string", value, value)

	}
}

func (self *SingularityDeploy) GetField(name string) (interface{}, error) {
	switch name {
	default:
		return nil, fmt.Errorf("No such field %s on SingularityDeploy", name)

	case "requestId", "RequestId":
		return *self.RequestId, nil
		return nil, fmt.Errorf("Field RequestId no set on RequestId %+v", self)

	case "id", "Id":
		return *self.Id, nil
		return nil, fmt.Errorf("Field Id no set on Id %+v", self)

	case "env", "Env":
		return *self.Env, nil
		return nil, fmt.Errorf("Field Env no set on Env %+v", self)

	}
}

func (self *SingularityDeploy) ClearField(name string) error {
	switch name {
	default:
		return fmt.Errorf("No such field %s on SingularityDeploy", name)

	case "requestId", "RequestId":
		self.RequestId = nil

	case "id", "Id":
		self.Id = nil

	case "env", "Env":
		self.Env = nil

	}

	return nil
}

func (self *SingularityDeploy) LoadMap(from map[string]interface{}) error {
	return swaggering.LoadMapIntoDTO(from, self)
}

type SingularityDeployList []*SingularityDeploy

func (self *SingularityDeployList) Absorb(other swaggering.DTO) error {
	if like, ok := other.(*SingularityDeployList); ok {
		*self = *like
		return nil
	}
	return fmt.Errorf("A SingularityDeployList cannot copy the values from %#v", other)
}

func (list *SingularityDeployList) Populate(jsonReader io.ReadCloser) (err error) {
	return swaggering.ReadPopulate(jsonReader, list)
}

func (list *SingularityDeployList) FormatText() string {
	text := []byte{}
	for _, dto := range *list {
		text = append(text, (*dto).FormatText()...)
		text = append(text, "\n"...)
	}
	return string(text)
}

func (list *SingularityDeployList) FormatJSON() string {
	return swaggering.FormatJSON(list)
}
